// Jest Snapshot v1, https://goo.gl/fbAQLP

exports[`About Проверка снапшота 1`] = `
<div class="container grid-list-xl text-xs-center">
  <div class="layout align-center justify-center fill-height">
    <div class="flex xs12">
      <h3>Демо проект Александра Коротаева</h3>
      <h4>(с) 2020</h4>
    </div>
  </div>
</div>
`;